One potato, two potato,
Three potato, four.
Five potato, six potato,
Seven potato, more!
