     1	One potato, two potato,
     2	Three potato, four.
     3	Five potato, six potato,
     4	Seven potato, more!
